Traceback (most recent call last):
  File "/home/blockexe/.local/bin/uvicorn", line 8, in <module>
    sys.exit(main())
  File "/home/blockexe/.local/lib/python3.9/site-packages/click/core.py", line 1161, in __call__
    return self.main(*args, **kwargs)
  File "/home/blockexe/.local/lib/python3.9/site-packages/click/core.py", line 1082, in main
    rv = self.invoke(ctx)
  File "/home/blockexe/.local/lib/python3.9/site-packages/click/core.py", line 1443, in invoke
    return ctx.invoke(self.callback, **ctx.params)
  File "/home/blockexe/.local/lib/python3.9/site-packages/click/core.py", line 788, in invoke
    return __callback(*args, **kwargs)
  File "/home/blockexe/.local/lib/python3.9/site-packages/uvicorn/main.py", line 410, in main
    run(
  File "/home/blockexe/.local/lib/python3.9/site-packages/uvicorn/main.py", line 577, in run
    server.run()
  File "/home/blockexe/.local/lib/python3.9/site-packages/uvicorn/server.py", line 65, in run
    return asyncio.run(self.serve(sockets=sockets))
  File "/usr/lib64/python3.9/asyncio/runners.py", line 44, in run
    return loop.run_until_complete(main)
  File "uvloop/loop.pyx", line 1518, in uvloop.loop.Loop.run_until_complete
  File "/home/blockexe/.local/lib/python3.9/site-packages/uvicorn/server.py", line 69, in serve
    await self._serve(sockets)
  File "/home/blockexe/.local/lib/python3.9/site-packages/uvicorn/server.py", line 76, in _serve
    config.load()
  File "/home/blockexe/.local/lib/python3.9/site-packages/uvicorn/config.py", line 434, in load
    self.loaded_app = import_from_string(self.app)
  File "/home/blockexe/.local/lib/python3.9/site-packages/uvicorn/importer.py", line 19, in import_from_string
    module = importlib.import_module(module_str)
  File "/usr/lib64/python3.9/importlib/__init__.py", line 127, in import_module
    return _bootstrap._gcd_import(name[level:], package, level)
  File "<frozen importlib._bootstrap>", line 1030, in _gcd_import
  File "<frozen importlib._bootstrap>", line 1007, in _find_and_load
  File "<frozen importlib._bootstrap>", line 986, in _find_and_load_unlocked
  File "<frozen importlib._bootstrap>", line 680, in _load_unlocked
  File "<frozen importlib._bootstrap_external>", line 850, in exec_module
  File "<frozen importlib._bootstrap>", line 228, in _call_with_frames_removed
  File "/opt/projectx/backend/app/main.py", line 14, in <module>
    from app.routers import (
  File "/opt/projectx/backend/app/routers/analytics.py", line 13, in <module>
    from app.deps import check_project_access, get_accessible_project_ids, get_current_user
  File "/opt/projectx/backend/app/deps.py", line 38, in <module>
    token: str | None = Depends(oauth2_scheme),
TypeError: unsupported operand type(s) for |: 'type' and 'NoneType'
Traceback (most recent call last):
  File "/home/blockexe/.local/bin/uvicorn", line 8, in <module>
    sys.exit(main())
  File "/home/blockexe/.local/lib/python3.9/site-packages/click/core.py", line 1161, in __call__
    return self.main(*args, **kwargs)
  File "/home/blockexe/.local/lib/python3.9/site-packages/click/core.py", line 1082, in main
    rv = self.invoke(ctx)
  File "/home/blockexe/.local/lib/python3.9/site-packages/click/core.py", line 1443, in invoke
    return ctx.invoke(self.callback, **ctx.params)
  File "/home/blockexe/.local/lib/python3.9/site-packages/click/core.py", line 788, in invoke
    return __callback(*args, **kwargs)
  File "/home/blockexe/.local/lib/python3.9/site-packages/uvicorn/main.py", line 410, in main
    run(
  File "/home/blockexe/.local/lib/python3.9/site-packages/uvicorn/main.py", line 577, in run
    server.run()
  File "/home/blockexe/.local/lib/python3.9/site-packages/uvicorn/server.py", line 65, in run
    return asyncio.run(self.serve(sockets=sockets))
  File "/usr/lib64/python3.9/asyncio/runners.py", line 44, in run
    return loop.run_until_complete(main)
  File "uvloop/loop.pyx", line 1518, in uvloop.loop.Loop.run_until_complete
  File "/home/blockexe/.local/lib/python3.9/site-packages/uvicorn/server.py", line 69, in serve
    await self._serve(sockets)
  File "/home/blockexe/.local/lib/python3.9/site-packages/uvicorn/server.py", line 76, in _serve
    config.load()
  File "/home/blockexe/.local/lib/python3.9/site-packages/uvicorn/config.py", line 434, in load
    self.loaded_app = import_from_string(self.app)
  File "/home/blockexe/.local/lib/python3.9/site-packages/uvicorn/importer.py", line 19, in import_from_string
    module = importlib.import_module(module_str)
  File "/usr/lib64/python3.9/importlib/__init__.py", line 127, in import_module
    return _bootstrap._gcd_import(name[level:], package, level)
  File "<frozen importlib._bootstrap>", line 1030, in _gcd_import
  File "<frozen importlib._bootstrap>", line 1007, in _find_and_load
  File "<frozen importlib._bootstrap>", line 986, in _find_and_load_unlocked
  File "<frozen importlib._bootstrap>", line 680, in _load_unlocked
  File "<frozen importlib._bootstrap_external>", line 850, in exec_module
  File "<frozen importlib._bootstrap>", line 228, in _call_with_frames_removed
  File "/opt/projectx/backend/app/main.py", line 14, in <module>
    from app.routers import (
  File "/opt/projectx/backend/app/routers/analytics.py", line 13, in <module>
    from app.deps import check_project_access, get_accessible_project_ids, get_current_user
  File "/opt/projectx/backend/app/deps.py", line 38, in <module>
    token: str | None = Depends(oauth2_scheme),
TypeError: unsupported operand type(s) for |: 'type' and 'NoneType'
Traceback (most recent call last):
  File "/home/blockexe/.local/bin/uvicorn", line 8, in <module>
    sys.exit(main())
  File "/home/blockexe/.local/lib/python3.9/site-packages/click/core.py", line 1161, in __call__
    return self.main(*args, **kwargs)
  File "/home/blockexe/.local/lib/python3.9/site-packages/click/core.py", line 1082, in main
    rv = self.invoke(ctx)
  File "/home/blockexe/.local/lib/python3.9/site-packages/click/core.py", line 1443, in invoke
    return ctx.invoke(self.callback, **ctx.params)
  File "/home/blockexe/.local/lib/python3.9/site-packages/click/core.py", line 788, in invoke
    return __callback(*args, **kwargs)
  File "/home/blockexe/.local/lib/python3.9/site-packages/uvicorn/main.py", line 410, in main
    run(
  File "/home/blockexe/.local/lib/python3.9/site-packages/uvicorn/main.py", line 577, in run
    server.run()
  File "/home/blockexe/.local/lib/python3.9/site-packages/uvicorn/server.py", line 65, in run
    return asyncio.run(self.serve(sockets=sockets))
  File "/usr/lib64/python3.9/asyncio/runners.py", line 44, in run
    return loop.run_until_complete(main)
  File "uvloop/loop.pyx", line 1518, in uvloop.loop.Loop.run_until_complete
  File "/home/blockexe/.local/lib/python3.9/site-packages/uvicorn/server.py", line 69, in serve
    await self._serve(sockets)
  File "/home/blockexe/.local/lib/python3.9/site-packages/uvicorn/server.py", line 76, in _serve
    config.load()
  File "/home/blockexe/.local/lib/python3.9/site-packages/uvicorn/config.py", line 434, in load
    self.loaded_app = import_from_string(self.app)
  File "/home/blockexe/.local/lib/python3.9/site-packages/uvicorn/importer.py", line 19, in import_from_string
    module = importlib.import_module(module_str)
  File "/usr/lib64/python3.9/importlib/__init__.py", line 127, in import_module
    return _bootstrap._gcd_import(name[level:], package, level)
  File "<frozen importlib._bootstrap>", line 1030, in _gcd_import
  File "<frozen importlib._bootstrap>", line 1007, in _find_and_load
  File "<frozen importlib._bootstrap>", line 986, in _find_and_load_unlocked
  File "<frozen importlib._bootstrap>", line 680, in _load_unlocked
  File "<frozen importlib._bootstrap_external>", line 850, in exec_module
  File "<frozen importlib._bootstrap>", line 228, in _call_with_frames_removed
  File "/opt/projectx/backend/app/main.py", line 14, in <module>
    from app.routers import (
  File "/opt/projectx/backend/app/routers/analytics.py", line 13, in <module>
    from app.deps import check_project_access, get_accessible_project_ids, get_current_user
  File "/opt/projectx/backend/app/deps.py", line 38, in <module>
    token: str | None = Depends(oauth2_scheme),
TypeError: unsupported operand type(s) for |: 'type' and 'NoneType'
Traceback (most recent call last):
  File "/home/blockexe/.local/bin/uvicorn", line 8, in <module>
    sys.exit(main())
  File "/home/blockexe/.local/lib/python3.9/site-packages/click/core.py", line 1161, in __call__
    return self.main(*args, **kwargs)
  File "/home/blockexe/.local/lib/python3.9/site-packages/click/core.py", line 1082, in main
    rv = self.invoke(ctx)
  File "/home/blockexe/.local/lib/python3.9/site-packages/click/core.py", line 1443, in invoke
    return ctx.invoke(self.callback, **ctx.params)
  File "/home/blockexe/.local/lib/python3.9/site-packages/click/core.py", line 788, in invoke
    return __callback(*args, **kwargs)
  File "/home/blockexe/.local/lib/python3.9/site-packages/uvicorn/main.py", line 410, in main
    run(
  File "/home/blockexe/.local/lib/python3.9/site-packages/uvicorn/main.py", line 577, in run
    server.run()
  File "/home/blockexe/.local/lib/python3.9/site-packages/uvicorn/server.py", line 65, in run
    return asyncio.run(self.serve(sockets=sockets))
  File "/usr/lib64/python3.9/asyncio/runners.py", line 44, in run
    return loop.run_until_complete(main)
  File "uvloop/loop.pyx", line 1518, in uvloop.loop.Loop.run_until_complete
  File "/home/blockexe/.local/lib/python3.9/site-packages/uvicorn/server.py", line 69, in serve
    await self._serve(sockets)
  File "/home/blockexe/.local/lib/python3.9/site-packages/uvicorn/server.py", line 76, in _serve
    config.load()
  File "/home/blockexe/.local/lib/python3.9/site-packages/uvicorn/config.py", line 434, in load
    self.loaded_app = import_from_string(self.app)
  File "/home/blockexe/.local/lib/python3.9/site-packages/uvicorn/importer.py", line 19, in import_from_string
    module = importlib.import_module(module_str)
  File "/usr/lib64/python3.9/importlib/__init__.py", line 127, in import_module
    return _bootstrap._gcd_import(name[level:], package, level)
  File "<frozen importlib._bootstrap>", line 1030, in _gcd_import
  File "<frozen importlib._bootstrap>", line 1007, in _find_and_load
  File "<frozen importlib._bootstrap>", line 986, in _find_and_load_unlocked
  File "<frozen importlib._bootstrap>", line 680, in _load_unlocked
  File "<frozen importlib._bootstrap_external>", line 850, in exec_module
  File "<frozen importlib._bootstrap>", line 228, in _call_with_frames_removed
  File "/opt/projectx/backend/app/main.py", line 14, in <module>
    from app.routers import (
  File "/opt/projectx/backend/app/routers/analytics.py", line 13, in <module>
    from app.deps import check_project_access, get_accessible_project_ids, get_current_user
  File "/opt/projectx/backend/app/deps.py", line 38, in <module>
    token: str | None = Depends(oauth2_scheme),
TypeError: unsupported operand type(s) for |: 'type' and 'NoneType'
Traceback (most recent call last):
  File "/home/blockexe/.local/bin/uvicorn", line 8, in <module>
    sys.exit(main())
  File "/home/blockexe/.local/lib/python3.9/site-packages/click/core.py", line 1161, in __call__
    return self.main(*args, **kwargs)
  File "/home/blockexe/.local/lib/python3.9/site-packages/click/core.py", line 1082, in main
    rv = self.invoke(ctx)
  File "/home/blockexe/.local/lib/python3.9/site-packages/click/core.py", line 1443, in invoke
    return ctx.invoke(self.callback, **ctx.params)
  File "/home/blockexe/.local/lib/python3.9/site-packages/click/core.py", line 788, in invoke
    return __callback(*args, **kwargs)
  File "/home/blockexe/.local/lib/python3.9/site-packages/uvicorn/main.py", line 410, in main
    run(
  File "/home/blockexe/.local/lib/python3.9/site-packages/uvicorn/main.py", line 577, in run
    server.run()
  File "/home/blockexe/.local/lib/python3.9/site-packages/uvicorn/server.py", line 65, in run
    return asyncio.run(self.serve(sockets=sockets))
  File "/usr/lib64/python3.9/asyncio/runners.py", line 44, in run
    return loop.run_until_complete(main)
  File "uvloop/loop.pyx", line 1518, in uvloop.loop.Loop.run_until_complete
  File "/home/blockexe/.local/lib/python3.9/site-packages/uvicorn/server.py", line 69, in serve
    await self._serve(sockets)
  File "/home/blockexe/.local/lib/python3.9/site-packages/uvicorn/server.py", line 76, in _serve
    config.load()
  File "/home/blockexe/.local/lib/python3.9/site-packages/uvicorn/config.py", line 434, in load
    self.loaded_app = import_from_string(self.app)
  File "/home/blockexe/.local/lib/python3.9/site-packages/uvicorn/importer.py", line 19, in import_from_string
    module = importlib.import_module(module_str)
  File "/usr/lib64/python3.9/importlib/__init__.py", line 127, in import_module
    return _bootstrap._gcd_import(name[level:], package, level)
  File "<frozen importlib._bootstrap>", line 1030, in _gcd_import
  File "<frozen importlib._bootstrap>", line 1007, in _find_and_load
  File "<frozen importlib._bootstrap>", line 986, in _find_and_load_unlocked
  File "<frozen importlib._bootstrap>", line 680, in _load_unlocked
  File "<frozen importlib._bootstrap_external>", line 850, in exec_module
  File "<frozen importlib._bootstrap>", line 228, in _call_with_frames_removed
  File "/opt/projectx/backend/app/main.py", line 14, in <module>
    from app.routers import (
  File "/opt/projectx/backend/app/routers/analytics.py", line 13, in <module>
    from app.deps import check_project_access, get_accessible_project_ids, get_current_user
  File "/opt/projectx/backend/app/deps.py", line 38, in <module>
    token: str | None = Depends(oauth2_scheme),
TypeError: unsupported operand type(s) for |: 'type' and 'NoneType'
Traceback (most recent call last):
  File "/home/blockexe/.local/bin/uvicorn", line 8, in <module>
    sys.exit(main())
  File "/home/blockexe/.local/lib/python3.9/site-packages/click/core.py", line 1161, in __call__
    return self.main(*args, **kwargs)
  File "/home/blockexe/.local/lib/python3.9/site-packages/click/core.py", line 1082, in main
    rv = self.invoke(ctx)
  File "/home/blockexe/.local/lib/python3.9/site-packages/click/core.py", line 1443, in invoke
    return ctx.invoke(self.callback, **ctx.params)
  File "/home/blockexe/.local/lib/python3.9/site-packages/click/core.py", line 788, in invoke
    return __callback(*args, **kwargs)
  File "/home/blockexe/.local/lib/python3.9/site-packages/uvicorn/main.py", line 410, in main
    run(
  File "/home/blockexe/.local/lib/python3.9/site-packages/uvicorn/main.py", line 577, in run
    server.run()
  File "/home/blockexe/.local/lib/python3.9/site-packages/uvicorn/server.py", line 65, in run
    return asyncio.run(self.serve(sockets=sockets))
  File "/usr/lib64/python3.9/asyncio/runners.py", line 44, in run
    return loop.run_until_complete(main)
  File "uvloop/loop.pyx", line 1518, in uvloop.loop.Loop.run_until_complete
  File "/home/blockexe/.local/lib/python3.9/site-packages/uvicorn/server.py", line 69, in serve
    await self._serve(sockets)
  File "/home/blockexe/.local/lib/python3.9/site-packages/uvicorn/server.py", line 76, in _serve
    config.load()
  File "/home/blockexe/.local/lib/python3.9/site-packages/uvicorn/config.py", line 434, in load
    self.loaded_app = import_from_string(self.app)
  File "/home/blockexe/.local/lib/python3.9/site-packages/uvicorn/importer.py", line 19, in import_from_string
    module = importlib.import_module(module_str)
  File "/usr/lib64/python3.9/importlib/__init__.py", line 127, in import_module
    return _bootstrap._gcd_import(name[level:], package, level)
  File "<frozen importlib._bootstrap>", line 1030, in _gcd_import
  File "<frozen importlib._bootstrap>", line 1007, in _find_and_load
  File "<frozen importlib._bootstrap>", line 986, in _find_and_load_unlocked
  File "<frozen importlib._bootstrap>", line 680, in _load_unlocked
  File "<frozen importlib._bootstrap_external>", line 850, in exec_module
  File "<frozen importlib._bootstrap>", line 228, in _call_with_frames_removed
  File "/opt/projectx/backend/app/main.py", line 14, in <module>
    from app.routers import (
  File "/opt/projectx/backend/app/routers/analytics.py", line 13, in <module>
    from app.deps import check_project_access, get_accessible_project_ids, get_current_user
  File "/opt/projectx/backend/app/deps.py", line 38, in <module>
    token: str | None = Depends(oauth2_scheme),
TypeError: unsupported operand type(s) for |: 'type' and 'NoneType'
INFO:     Started server process [2162381]
INFO:     Waiting for application startup.
INFO:     Application startup complete.
ERROR:    [Errno 98] error while attempting to bind on address ('127.0.0.1', 8000): address already in use
INFO:     Waiting for application shutdown.
INFO:     Application shutdown complete.
INFO:     Started server process [2162432]
INFO:     Waiting for application startup.
INFO:     Application startup complete.
ERROR:    [Errno 98] error while attempting to bind on address ('127.0.0.1', 8000): address already in use
INFO:     Waiting for application shutdown.
INFO:     Application shutdown complete.
